1787151600.947806
1787152204.699268
1788202369.121168
1788202752.774372
1788202881.456459
1788202888.471538
1788202903.826764
1788204356.457001
1788204982.607931
1788267722.611377
1788272681.114233
1788273762.801941
1788376010.387735
1788376067.644061
1788380633.184154
1788539796.289143
1788539829.976043
1788540013.71989
1788540050.501102
1788541135.741677
1788555729.94992
1788555743.579419
1788555938.94729
1788556120.869759
1788556132.689638
1788556177.732762
1788556670.791104
1788642666.184497
1788644122.451533
1788949961.562508
1788949978.001475
1789762818.017775
1789913464.3122
