0 verbose cli /usr/local/bin/node /usr/local/bin/npm
1 info using npm@10.9.8
2 info using node@v22.23.2
3 silly config load:file:/usr/local/lib/node_modules/npm/npmrc
4 silly config load:file:/data/lsp/.npmrc
5 silly config load:file:/data/.npmrc
6 silly config load:file:/data/lsp/etc/npmrc
7 verbose title npm install pyright
8 verbose argv "install" "--prefix" "/data/lsp" "--loglevel" "silent" "--no-fund" "--no-audit" "pyright"
9 verbose logfile logs-max:10 dir:/data/.npm/_logs/2026-09-01T14_50_55_867Z-
10 verbose logfile /data/.npm/_logs/2026-09-01T14_50_55_867Z-debug-0.log
11 silly logfile done cleaning log files
12 silly packumentCache heap:2197815296 maxSize:549453824 maxEntrySize:274726912
13 silly idealTree buildDeps
14 silly fetch manifest pyright@*
15 silly packumentCache full:https://registry.npmjs.org/pyright cache-miss
16 http fetch GET 200 https://registry.npmjs.org/pyright 138ms (cache miss)
17 silly packumentCache full:https://registry.npmjs.org/pyright set size:undefined disposed:false
18 silly placeDep ROOT pyright@1.1.413 OK for:  want: *
19 silly fetch manifest fsevents@~2.3.3
20 silly packumentCache full:https://registry.npmjs.org/fsevents cache-miss
21 http fetch GET 200 https://registry.npmjs.org/fsevents 29ms (cache miss)
22 silly packumentCache full:https://registry.npmjs.org/fsevents set size:undefined disposed:false
23 silly placeDep ROOT fsevents@2.3.3 OK for: pyright@1.1.413 want: ~2.3.3
24 silly reify moves {}
25 verbose reify failed optional dependency /data/lsp/node_modules/fsevents
26 silly reify mark deleted [ '/data/lsp/node_modules/fsevents' ]
27 http cache pyright@https://registry.npmjs.org/pyright/-/pyright-1.1.413.tgz 0ms (cache hit)
28 silly tarball no local data for pyright@https://registry.npmjs.org/pyright/-/pyright-1.1.413.tgz. Extracting by manifest.
29 http fetch GET 200 https://registry.npmjs.org/pyright/-/pyright-1.1.413.tgz 5683ms (cache miss)
30 verbose cwd /data
31 verbose os Linux 6.12.96+deb13-amd64
32 verbose node v22.23.2
33 verbose npm  v10.9.8
34 verbose exit 0
35 info ok
